usage: so101_mujoco_view.py [-h] --mode {render,window,compare,physics}
                            [--model MODEL] [--root ROOT]
                            [--paths-config PATHS_CONFIG] [--repo-id REPO_ID]
                            [--episode EPISODE] --out-dir OUT_DIR
                            [--samples-dir SAMPLES_DIR] [--width WIDTH]
                            [--height HEIGHT] [--stride STRIDE]
                            [--max-frames MAX_FRAMES] [--fps FPS]
                            [--loops LOOPS] [--pairs PAIRS] [--video VIDEO]
                            [--azimuth AZIMUTH] [--elevation ELEVATION]
                            [--distance-scale DISTANCE_SCALE] [--x11]
                            [--object {auto,none}]
                            [--object-half-size OBJECT_HALF_SIZE]
                            [--object-auto-size] [--no-object-auto-size]
                            [--object-lift OBJECT_LIFT] [--surface SURFACE]
                            [--align-home] [--no-align-home]
                            [--overlay {none,expert_predicted}]
                            [--overlay-sample OVERLAY_SAMPLE]
                            [--overlay-frame OVERLAY_FRAME]
                            [--physics-settle-s PHYSICS_SETTLE_S]
                            [--physics-hold-dist PHYSICS_HOLD_DIST]
                            [--physics-lift-min PHYSICS_LIFT_MIN]
                            [--physics-render PHYSICS_RENDER]
                            [--object-size-scale OBJECT_SIZE_SCALE]
                            [--object-collide]
so101_mujoco_view.py: error: argument --mode: invalid choice: 'sweep' (choose from render, window, compare, physics)
home align offsets (deg): [1.96, -8.79, 8.97, -15.13, 38.5, 1.41]
=== object / grasp info (derived from real trajectory FK) ===
grasp frame  : 169 / 302
grasp xyz    : [0.0215, -0.2609, -0.1514] m
surface(plane) z : -0.1640 m
object center: [0.0215, -0.2609, -0.1494] m (half size 0.0126 m, mode=auto)
pad gap      : at grasp 0.0339 m, min carried 0.0265 m
grasp/release: 169 / 226 (carried 57 frames)
jaw min/max  : -0.20 / 19.19 deg
scene xml    : /home/violet/Workspace/Code/Embedded_code/unitree_workspace/a_Visual_experiment/ACT/results/so101_mujoco/generated/so101_model/scene_with_object.xml
physics: settle 0.5s -> object z=-0.1515 m
=== physics grasp stability ===
object half size : 0.0126 m (scale 1.00)
lift gain        : +0.0906 m
dist to gripper  : final 0.0312 m, max 0.0312 m
VERDICT          : HELD
home align offsets (deg): [1.96, -8.79, 8.97, -15.13, 38.5, 1.41]
=== object / grasp info (derived from real trajectory FK) ===
grasp frame  : 169 / 302
grasp xyz    : [0.0215, -0.2609, -0.1514] m
surface(plane) z : -0.1647 m
object center: [0.0215, -0.2609, -0.1494] m (half size 0.0132 m, mode=auto)
pad gap      : at grasp 0.0339 m, min carried 0.0265 m
grasp/release: 169 / 226 (carried 57 frames)
jaw min/max  : -0.20 / 19.19 deg
scene xml    : /home/violet/Workspace/Code/Embedded_code/unitree_workspace/a_Visual_experiment/ACT/results/so101_mujoco/generated/so101_model/scene_with_object.xml
physics: settle 0.5s -> object z=-0.1430 m
=== physics grasp stability ===
object half size : 0.0132 m (scale 1.05)
lift gain        : +0.1079 m
dist to gripper  : final 0.0057 m, max 0.0057 m
VERDICT          : HELD
home align offsets (deg): [1.96, -8.79, 8.97, -15.13, 38.5, 1.41]
=== object / grasp info (derived from real trajectory FK) ===
grasp frame  : 169 / 302
grasp xyz    : [0.0215, -0.2609, -0.1514] m
surface(plane) z : -0.1653 m
object center: [0.0215, -0.2609, -0.1494] m (half size 0.0138 m, mode=auto)
pad gap      : at grasp 0.0339 m, min carried 0.0265 m
grasp/release: 169 / 226 (carried 57 frames)
jaw min/max  : -0.20 / 19.19 deg
scene xml    : /home/violet/Workspace/Code/Embedded_code/unitree_workspace/a_Visual_experiment/ACT/results/so101_mujoco/generated/so101_model/scene_with_object.xml
physics: settle 0.5s -> object z=-0.1411 m
=== physics grasp stability ===
object half size : 0.0138 m (scale 1.10)
lift gain        : +0.1099 m
dist to gripper  : final 0.0028 m, max 0.0028 m
VERDICT          : HELD
home align offsets (deg): [1.96, -8.79, 8.97, -15.13, 38.5, 1.41]
=== object / grasp info (derived from real trajectory FK) ===
grasp frame  : 169 / 302
grasp xyz    : [0.0215, -0.2609, -0.1514] m
surface(plane) z : -0.1665 m
object center: [0.0215, -0.2609, -0.1494] m (half size 0.0151 m, mode=auto)
pad gap      : at grasp 0.0339 m, min carried 0.0265 m
grasp/release: 169 / 226 (carried 57 frames)
jaw min/max  : -0.20 / 19.19 deg
scene xml    : /home/violet/Workspace/Code/Embedded_code/unitree_workspace/a_Visual_experiment/ACT/results/so101_mujoco/generated/so101_model/scene_with_object.xml
physics: settle 0.5s -> object z=-0.1409 m
=== physics grasp stability ===
object half size : 0.0151 m (scale 1.20)
lift gain        : +0.1112 m
dist to gripper  : final 0.0028 m, max 0.0028 m
VERDICT          : HELD
